###############################################################################
#
# IAR ELF Linker V9.20.4.327/W64 for ARM                  22/Dec/2022  14:37:57
# Copyright 2007-2022 IAR Systems AB.
#
#    Output file  =
#        C:\Users\KwakDongwook\Documents\canopen_example\EWARM\canopen_example\Exe\canopen_example.out
#    Map file     =
#        C:\Users\KwakDongwook\Documents\canopen_example\EWARM\canopen_example\List\canopen_example.map
#    Command line =
#        -f
#        C:\Users\KwakDongwook\Documents\canopen_example\EWARM\canopen_example\Exe\canopen_example.out.rsp
#        (C:\Users\KwakDongwook\Documents\canopen_example\EWARM\canopen_example\Obj\Application\User\CANOpen\CANOpen.o
#        C:\Users\KwakDongwook\Documents\canopen_example\EWARM\canopen_example\Obj\Application\User\CANOpen\CANOpen_batch.o
#        C:\Users\KwakDongwook\Documents\canopen_example\EWARM\canopen_example\Obj\Application\User\CANOpen\CANOpen_hw_appl.o
#        C:\Users\KwakDongwook\Documents\canopen_example\EWARM\canopen_example\Obj\Application\User\main.o
#        C:\Users\KwakDongwook\Documents\canopen_example\EWARM\canopen_example\Obj\Application\EWARM\startup_stm32f446xx.o
#        C:\Users\KwakDongwook\Documents\canopen_example\EWARM\canopen_example\Obj\Drivers\STM32F4xx_HAL_Driver\stm32f4xx_hal.o
#        C:\Users\KwakDongwook\Documents\canopen_example\EWARM\canopen_example\Obj\Drivers\STM32F4xx_HAL_Driver\stm32f4xx_hal_can.o
#        C:\Users\KwakDongwook\Documents\canopen_example\EWARM\canopen_example\Obj\Drivers\STM32F4xx_HAL_Driver\stm32f4xx_hal_cortex.o
#        C:\Users\KwakDongwook\Documents\canopen_example\EWARM\canopen_example\Obj\Drivers\STM32F4xx_HAL_Driver\stm32f4xx_hal_dma.o
#        C:\Users\KwakDongwook\Documents\canopen_example\EWARM\canopen_example\Obj\Drivers\STM32F4xx_HAL_Driver\stm32f4xx_hal_dma_ex.o
#        C:\Users\KwakDongwook\Documents\canopen_example\EWARM\canopen_example\Obj\Drivers\STM32F4xx_HAL_Driver\stm32f4xx_hal_exti.o
#        C:\Users\KwakDongwook\Documents\canopen_example\EWARM\canopen_example\Obj\Drivers\STM32F4xx_HAL_Driver\stm32f4xx_hal_flash.o
#        C:\Users\KwakDongwook\Documents\canopen_example\EWARM\canopen_example\Obj\Drivers\STM32F4xx_HAL_Driver\stm32f4xx_hal_flash_ex.o
#        C:\Users\KwakDongwook\Documents\canopen_example\EWARM\canopen_example\Obj\Drivers\STM32F4xx_HAL_Driver\stm32f4xx_hal_flash_ramfunc.o
#        C:\Users\KwakDongwook\Documents\canopen_example\EWARM\canopen_example\Obj\Drivers\STM32F4xx_HAL_Driver\stm32f4xx_hal_gpio.o
#        C:\Users\KwakDongwook\Documents\canopen_example\EWARM\canopen_example\Obj\Application\User\stm32f4xx_hal_msp.o
#        C:\Users\KwakDongwook\Documents\canopen_example\EWARM\canopen_example\Obj\Drivers\STM32F4xx_HAL_Driver\stm32f4xx_hal_pwr.o
#        C:\Users\KwakDongwook\Documents\canopen_example\EWARM\canopen_example\Obj\Drivers\STM32F4xx_HAL_Driver\stm32f4xx_hal_pwr_ex.o
#        C:\Users\KwakDongwook\Documents\canopen_example\EWARM\canopen_example\Obj\Drivers\STM32F4xx_HAL_Driver\stm32f4xx_hal_rcc.o
#        C:\Users\KwakDongwook\Documents\canopen_example\EWARM\canopen_example\Obj\Drivers\STM32F4xx_HAL_Driver\stm32f4xx_hal_rcc_ex.o
#        C:\Users\KwakDongwook\Documents\canopen_example\EWARM\canopen_example\Obj\Drivers\STM32F4xx_HAL_Driver\stm32f4xx_hal_tim.o
#        C:\Users\KwakDongwook\Documents\canopen_example\EWARM\canopen_example\Obj\Drivers\STM32F4xx_HAL_Driver\stm32f4xx_hal_tim_ex.o
#        C:\Users\KwakDongwook\Documents\canopen_example\EWARM\canopen_example\Obj\Application\User\stm32f4xx_it.o
#        C:\Users\KwakDongwook\Documents\canopen_example\EWARM\canopen_example\Obj\Drivers\CMSIS\system_stm32f4xx.o
#        --redirect _Printf=_PrintfFull --redirect _Scanf=_ScanfFull
#        --no_out_extension -o
#        C:\Users\KwakDongwook\Documents\canopen_example\EWARM\canopen_example\Exe\canopen_example.out
#        --map
#        C:\Users\KwakDongwook\Documents\canopen_example\EWARM\canopen_example\List\canopen_example.map
#        --config
#        C:\Users\KwakDongwook\Documents\canopen_example\EWARM/stm32f446xx_flash.icf
#        --semihosting --entry __iar_program_start --vfe --text_out locale)
#
###############################################################################

*******************************************************************************
*** RUNTIME MODEL ATTRIBUTES
***

CppFlavor       = *
__CPP_Runtime   = 1
__SystemLibrary = DLib
__dlib_version  = 6


*******************************************************************************
*** HEAP SELECTION
***

The basic heap was selected because some modules are built with
size limitations (and not runtime checking), and --advanced_heap
was not specified.


*******************************************************************************
*** PLACEMENT SUMMARY
***

"A0":  place at address 0x800'0000 { ro section .intvec };
"P1":  place in [from 0x800'0000 to 0x807'ffff] { ro };
define block CSTACK with size = 1K, alignment = 8 { };
define block HEAP with size = 512, alignment = 8 { };
"P2":  place in [from 0x2000'0000 to 0x2001'ffff] {
          rw, block CSTACK, block HEAP };
initialize by copy { rw };

  Section            Kind         Address    Size  Object
  -------            ----         -------    ----  ------
"A0":                                       0x1c4
  .intvec            ro code   0x800'0000   0x1c4  startup_stm32f446xx.o [1]
                             - 0x800'01c4   0x1c4

"P1":                                      0x2043
  .text              ro code   0x800'01c4   0x67e  stm32f4xx_hal_can.o [5]
  .text              ro code   0x800'0842    0x3a  packbits_init_single.o [8]
  .text              ro code   0x800'087c   0x120  stm32f4xx_hal_msp.o [2]
  .text              ro code   0x800'099c     0xc  stm32f4xx_hal.o [5]
  .text              ro code   0x800'09a8     0x2  stm32f4xx_hal_can.o [5]
  .text              ro code   0x800'09aa     0x2  stm32f4xx_hal_can.o [5]
  .text              ro code   0x800'09ac     0x2  stm32f4xx_hal_can.o [5]
  .text              ro code   0x800'09ae     0x2  stm32f4xx_hal_can.o [5]
  .text              ro code   0x800'09b0     0x2  stm32f4xx_hal_can.o [5]
  .text              ro code   0x800'09b2     0x2  stm32f4xx_hal_can.o [5]
  .text              ro code   0x800'09b4     0x2  stm32f4xx_hal_can.o [5]
  .text              ro code   0x800'09b8   0x58a  main.o [2]
  .text              ro code   0x800'0f42     0x2  stm32f4xx_hal_can.o [5]
  .text              ro code   0x800'0f44     0x2  stm32f4xx_hal_can.o [5]
  .text              ro code   0x800'0f46     0x2  stm32f4xx_hal_can.o [5]
  .text              ro code   0x800'0f48     0x2  stm32f4xx_hal_can.o [5]
  .text              ro code   0x800'0f4a     0x2  stm32f4xx_hal_can.o [5]
  .text              ro code   0x800'0f4c    0x14  memset.o [8]
  .text              ro code   0x800'0f60   0x20c  stm32f4xx_hal_gpio.o [5]
  .text              ro code   0x800'116c    0xc4  stm32f4xx_hal_cortex.o [5]
  .text              ro code   0x800'1230    0x2c  fmaxf.o [7]
  .text              ro code   0x800'125c    0x28  fminf.o [7]
  .text              ro code   0x800'1284    0x74  CANOpen.o [3]
  .text              ro code   0x800'12f8    0x40  CANOpen_hw_appl.o [3]
  .text              ro code   0x800'1338   0x454  stm32f4xx_hal_tim.o [5]
  .text              ro code   0x800'178c    0x34  stm32f4xx_hal.o [5]
  .text              ro code   0x800'17c0    0x8c  stm32f4xx_hal_tim_ex.o [5]
  .text              ro code   0x800'184c   0x3ec  stm32f4xx_hal_rcc_ex.o [5]
  .text              ro code   0x800'1c38   0x120  stm32f4xx_hal_rcc.o [5]
  .text              ro code   0x800'1d58    0x66  ABImemset.o [8]
  .text              ro code   0x800'1dbe     0x2  stm32f4xx_hal_tim.o [5]
  .text              ro code   0x800'1dc0     0x2  stm32f4xx_hal_tim.o [5]
  .text              ro code   0x800'1dc2     0x2  stm32f4xx_hal_tim_ex.o [5]
  .text              ro code   0x800'1dc4     0x2  stm32f4xx_hal_tim.o [5]
  .text              ro code   0x800'1dc6     0x2  stm32f4xx_hal_tim_ex.o [5]
  .text              ro code   0x800'1dc8     0x2  stm32f4xx_hal_tim.o [5]
  .text              ro code   0x800'1dcc    0x40  stm32f4xx_hal.o [5]
  .text              ro code   0x800'1e0c   0x106  I64DivMod_small.o [8]
  .text              ro code   0x800'1f14     0x2  I64DivZer.o [8]
  .text              ro code   0x800'1f18    0x3c  stm32f4xx_it.o [2]
  .text              ro code   0x800'1f54    0x10  stm32f4xx_hal.o [5]
  .text              ro code   0x800'1f64    0x38  zero_init3.o [8]
  .text              ro code   0x800'1f9c    0x2c  system_stm32f4xx.o [4]
  .text              ro code   0x800'1fc8    0x28  data_init.o [8]
  .text              ro code   0x800'1ff0    0x22  fpinit_M.o [7]
  .iar.init_table    const     0x800'2014    0x20  - Linker created -
  .text              ro code   0x800'2034    0x1e  cmain.o [8]
  .text              ro code   0x800'2052     0x4  low_level_init.o [6]
  .text              ro code   0x800'2056     0x4  exit.o [6]
  .text              ro code   0x800'205c     0xa  cexit.o [8]
  .text              ro code   0x800'2068    0x14  exit.o [9]
  .text              ro code   0x800'207c    0x1c  cstartup_M.o [8]
  .text              ro code   0x800'2098    0x10  startup_stm32f446xx.o [1]
  .text              ro code   0x800'20a8     0x4  startup_stm32f446xx.o [1]
  .text              ro code   0x800'20ac     0x4  startup_stm32f446xx.o [1]
  .text              ro code   0x800'20b0     0x4  startup_stm32f446xx.o [1]
  .text              ro code   0x800'20b4     0x4  startup_stm32f446xx.o [1]
  .text              ro code   0x800'20b8     0x4  startup_stm32f446xx.o [1]
  .text              ro code   0x800'20bc     0x4  startup_stm32f446xx.o [1]
  .text              ro code   0x800'20c0     0x4  startup_stm32f446xx.o [1]
  .text              ro code   0x800'20c4     0x4  startup_stm32f446xx.o [1]
  .text              ro code   0x800'20c8     0x4  startup_stm32f446xx.o [1]
  .text              ro code   0x800'20cc     0x4  startup_stm32f446xx.o [1]
  .text              ro code   0x800'20d0     0x4  startup_stm32f446xx.o [1]
  .text              ro code   0x800'20d4     0x4  startup_stm32f446xx.o [1]
  .text              ro code   0x800'20d8     0x4  startup_stm32f446xx.o [1]
  .text              ro code   0x800'20dc     0x4  startup_stm32f446xx.o [1]
  .text              ro code   0x800'20e0     0x4  startup_stm32f446xx.o [1]
  .text              ro code   0x800'20e4     0x4  startup_stm32f446xx.o [1]
  .text              ro code   0x800'20e8     0x4  startup_stm32f446xx.o [1]
  .text              ro code   0x800'20ec     0x4  startup_stm32f446xx.o [1]
  .text              ro code   0x800'20f0     0x4  startup_stm32f446xx.o [1]
  .text              ro code   0x800'20f4     0x4  startup_stm32f446xx.o [1]
  .text              ro code   0x800'20f8     0x4  startup_stm32f446xx.o [1]
  .text              ro code   0x800'20fc     0x4  startup_stm32f446xx.o [1]
  .text              ro code   0x800'2100     0x4  startup_stm32f446xx.o [1]
  .text              ro code   0x800'2104     0x4  startup_stm32f446xx.o [1]
  .text              ro code   0x800'2108     0x4  startup_stm32f446xx.o [1]
  .text              ro code   0x800'210c     0x4  startup_stm32f446xx.o [1]
  .text              ro code   0x800'2110     0x4  startup_stm32f446xx.o [1]
  .text              ro code   0x800'2114     0x4  startup_stm32f446xx.o [1]
  .text              ro code   0x800'2118     0x4  startup_stm32f446xx.o [1]
  .text              ro code   0x800'211c     0x4  startup_stm32f446xx.o [1]
  .text              ro code   0x800'2120     0x4  startup_stm32f446xx.o [1]
  .text              ro code   0x800'2124     0x4  startup_stm32f446xx.o [1]
  .text              ro code   0x800'2128     0x4  startup_stm32f446xx.o [1]
  .text              ro code   0x800'212c     0x4  startup_stm32f446xx.o [1]
  .text              ro code   0x800'2130     0x4  startup_stm32f446xx.o [1]
  .text              ro code   0x800'2134     0x4  startup_stm32f446xx.o [1]
  .text              ro code   0x800'2138     0x4  startup_stm32f446xx.o [1]
  .text              ro code   0x800'213c     0x4  startup_stm32f446xx.o [1]
  .text              ro code   0x800'2140     0x4  startup_stm32f446xx.o [1]
  .text              ro code   0x800'2144     0x4  startup_stm32f446xx.o [1]
  .text              ro code   0x800'2148     0x4  startup_stm32f446xx.o [1]
  .text              ro code   0x800'214c     0x4  startup_stm32f446xx.o [1]
  .text              ro code   0x800'2150     0x4  startup_stm32f446xx.o [1]
  .text              ro code   0x800'2154     0x4  startup_stm32f446xx.o [1]
  .text              ro code   0x800'2158     0x4  startup_stm32f446xx.o [1]
  .text              ro code   0x800'215c     0x4  startup_stm32f446xx.o [1]
  .text              ro code   0x800'2160     0x4  startup_stm32f446xx.o [1]
  .text              ro code   0x800'2164     0x4  startup_stm32f446xx.o [1]
  .text              ro code   0x800'2168     0x4  startup_stm32f446xx.o [1]
  .text              ro code   0x800'216c     0x4  startup_stm32f446xx.o [1]
  .text              ro code   0x800'2170     0x4  startup_stm32f446xx.o [1]
  .text              ro code   0x800'2174     0x4  startup_stm32f446xx.o [1]
  .text              ro code   0x800'2178     0x4  startup_stm32f446xx.o [1]
  .text              ro code   0x800'217c     0x4  startup_stm32f446xx.o [1]
  .text              ro code   0x800'2180     0x4  startup_stm32f446xx.o [1]
  .text              ro code   0x800'2184     0x4  startup_stm32f446xx.o [1]
  .text              ro code   0x800'2188     0x4  startup_stm32f446xx.o [1]
  .text              ro code   0x800'218c     0x4  startup_stm32f446xx.o [1]
  .text              ro code   0x800'2190     0x4  startup_stm32f446xx.o [1]
  .text              ro code   0x800'2194     0x4  startup_stm32f446xx.o [1]
  .text              ro code   0x800'2198     0x4  startup_stm32f446xx.o [1]
  .text              ro code   0x800'219c     0x4  startup_stm32f446xx.o [1]
  .text              ro code   0x800'21a0     0x4  startup_stm32f446xx.o [1]
  .text              ro code   0x800'21a4     0x4  startup_stm32f446xx.o [1]
  .text              ro code   0x800'21a8     0x4  startup_stm32f446xx.o [1]
  .text              ro code   0x800'21ac     0x4  startup_stm32f446xx.o [1]
  .text              ro code   0x800'21b0     0x4  startup_stm32f446xx.o [1]
  .text              ro code   0x800'21b4     0x4  startup_stm32f446xx.o [1]
  .text              ro code   0x800'21b8     0x4  startup_stm32f446xx.o [1]
  .text              ro code   0x800'21bc     0x4  startup_stm32f446xx.o [1]
  .text              ro code   0x800'21c0     0x4  startup_stm32f446xx.o [1]
  .text              ro code   0x800'21c4     0x4  startup_stm32f446xx.o [1]
  .text              ro code   0x800'21c8     0x4  startup_stm32f446xx.o [1]
  .text              ro code   0x800'21cc     0x4  startup_stm32f446xx.o [1]
  .text              ro code   0x800'21d0     0x4  startup_stm32f446xx.o [1]
  .text              ro code   0x800'21d4     0x4  startup_stm32f446xx.o [1]
  .text              ro code   0x800'21d8     0x4  startup_stm32f446xx.o [1]
  .text              ro code   0x800'21dc     0x4  startup_stm32f446xx.o [1]
  .text              ro code   0x800'21e0     0x4  startup_stm32f446xx.o [1]
  .text              ro code   0x800'21e4     0x4  startup_stm32f446xx.o [1]
  .text              ro code   0x800'21e8     0x4  startup_stm32f446xx.o [1]
  .text              ro code   0x800'21ec     0x4  startup_stm32f446xx.o [1]
  .rodata            const     0x800'21f0     0x0  zero_init3.o [8]
  .rodata            const     0x800'21f0     0x0  packbits_init_single.o [8]
  Initializer bytes  const     0x800'21f0    0x17  <for P2-1>
                             - 0x800'2207  0x2043

"P2", part 1 of 3:                           0x84
  P2-1                        0x2000'0000    0x84  <Init block>
    .data            inited   0x2000'0000    0x74  main.o [2]
    .data            inited   0x2000'0074     0xc  stm32f4xx_hal.o [5]
    .data            inited   0x2000'0080     0x4  system_stm32f4xx.o [4]
                            - 0x2000'0084    0x84

"P2", part 2 of 3:                          0x2f0
  .bss               zero     0x2000'0084   0x230  CANOpen.o [3]
  .bss               zero     0x2000'02b4    0x48  main.o [2]
  .bss               zero     0x2000'02fc    0x28  main.o [2]
  .bss               zero     0x2000'0324    0x24  main.o [2]
  .bss               zero     0x2000'0348    0x1c  CANOpen_hw_appl.o [3]
  .bss               zero     0x2000'0364     0xe  CANOpen.o [3]
                            - 0x2000'0372   0x2ee

"P2", part 3 of 3:                          0x400
  CSTACK                      0x2000'0378   0x400  <Block>
    CSTACK           uninit   0x2000'0378   0x400  <Block tail>
                            - 0x2000'0778   0x400

Unused ranges:

         From           To      Size
         ----           --      ----
   0x800'2207   0x807'ffff  0x7'ddf9
  0x2000'0374  0x2000'0377       0x4
  0x2000'0778  0x2001'ffff  0x1'f888


*******************************************************************************
*** INIT TABLE
***

          Address      Size
          -------      ----
Zero (__iar_zero_init3)
    1 destination range, total size 0x2ee:
          0x2000'0084  0x2ee

Copy/packbits (__iar_packbits_init_single3)
    1 source range, total size 0x17 (17% of destination):
           0x800'21f0   0x17
    1 destination range, total size 0x84:
          0x2000'0000   0x84



*******************************************************************************
*** MODULE SUMMARY
***

    Module                  ro code  ro data  rw data
    ------                  -------  -------  -------
command line/config:
    -------------------------------------------------
    Total:

C:\Users\KwakDongwook\Documents\canopen_example\EWARM\canopen_example\Obj\Application\EWARM: [1]
    startup_stm32f446xx.o       796
    -------------------------------------------------
    Total:                      796

C:\Users\KwakDongwook\Documents\canopen_example\EWARM\canopen_example\Obj\Application\User: [2]
    main.o                    1'418       20      264
    stm32f4xx_hal_msp.o         288
    stm32f4xx_it.o               60
    -------------------------------------------------
    Total:                    1'766       20      264

C:\Users\KwakDongwook\Documents\canopen_example\EWARM\canopen_example\Obj\Application\User\CANOpen: [3]
    CANOpen.o                   116               574
    CANOpen_hw_appl.o            64                28
    -------------------------------------------------
    Total:                      180               602

C:\Users\KwakDongwook\Documents\canopen_example\EWARM\canopen_example\Obj\Drivers\CMSIS: [4]
    system_stm32f4xx.o           44        1        4
    -------------------------------------------------
    Total:                       44        1        4

C:\Users\KwakDongwook\Documents\canopen_example\EWARM\canopen_example\Obj\Drivers\STM32F4xx_HAL_Driver: [5]
    stm32f4xx_hal.o             144        2       12
    stm32f4xx_hal_can.o       1'686
    stm32f4xx_hal_cortex.o      196
    stm32f4xx_hal_gpio.o        524
    stm32f4xx_hal_rcc.o         288
    stm32f4xx_hal_rcc_ex.o    1'004
    stm32f4xx_hal_tim.o       1'116
    stm32f4xx_hal_tim_ex.o      144
    -------------------------------------------------
    Total:                    5'102        2       12

dl7M_tln.a: [6]
    exit.o                        4
    low_level_init.o              4
    -------------------------------------------------
    Total:                        8

m7M_tls.a: [7]
    fmaxf.o                      44
    fminf.o                      40
    fpinit_M.o                   34
    -------------------------------------------------
    Total:                      118

rt7M_tl.a: [8]
    ABImemset.o                 102
    I64DivMod_small.o           262
    I64DivZer.o                   2
    cexit.o                      10
    cmain.o                      30
    cstartup_M.o                 28
    data_init.o                  40
    memset.o                     20
    packbits_init_single.o       58
    zero_init3.o                 56
    -------------------------------------------------
    Total:                      608

shb_l.a: [9]
    exit.o                       20
    -------------------------------------------------
    Total:                       20

    Gaps                         12        2
    Linker created                        32    1'024
-----------------------------------------------------
    Grand Total:              8'654       57    1'906


*******************************************************************************
*** ENTRY LIST
***

Entry                       Address   Size  Type      Object
-----                       -------   ----  ----      ------
.iar.init_table$$Base    0x800'2014          --   Gb  - Linker created -
.iar.init_table$$Limit   0x800'2034          --   Gb  - Linker created -
?main                    0x800'2035         Code  Gb  cmain.o [8]
AHBPrescTable            0x800'1fb8   0x10  Data  Gb  system_stm32f4xx.o [4]
BusFault_Handler         0x800'1f1f    0x2  Code  Gb  stm32f4xx_it.o [2]
CAN1_RX0_IRQHandler      0x800'1f2d    0x6  Code  Gb  stm32f4xx_it.o [2]
CANOpen_addRxBuffer      0x800'1285   0x30  Code  Gb  CANOpen.o [3]
CANOpen_sendFrame        0x800'12f9   0x40  Code  Gb  CANOpen_hw_appl.o [3]
CANOpen_timerLoop        0x800'12b5   0x38  Code  Gb  CANOpen.o [3]
CSTACK$$Base            0x2000'0378          --   Gb  - Linker created -
CSTACK$$Limit           0x2000'0778          --   Gb  - Linker created -
DebugMon_Handler         0x800'1f25    0x2  Code  Gb  stm32f4xx_it.o [2]
EXTI15_10_IRQHandler     0x800'1f4d    0x8  Code  Gb  stm32f4xx_it.o [2]
HAL_CAN_ActivateNotification
                         0x800'062d   0x16  Code  Gb  stm32f4xx_hal_can.o [5]
HAL_CAN_AddTxMessage     0x800'0411   0xc4  Code  Gb  stm32f4xx_hal_can.o [5]
HAL_CAN_ConfigFilter     0x800'02bd   0xc0  Code  Gb  stm32f4xx_hal_can.o [5]
HAL_CAN_GetRxMessage     0x800'0535   0xe4  Code  Gb  stm32f4xx_hal_can.o [5]
HAL_CAN_GetTxMailboxesFreeLevel
                         0x800'04e7   0x2c  Code  Gb  stm32f4xx_hal_can.o [5]
HAL_CAN_IRQHandler       0x800'0649  0x1fa  Code  Gb  stm32f4xx_hal_can.o [5]
HAL_CAN_Init             0x800'01c5   0xe6  Code  Gb  stm32f4xx_hal_can.o [5]
HAL_CAN_IsTxMessagePending
                         0x800'0513   0x22  Code  Gb  stm32f4xx_hal_can.o [5]
HAL_CAN_MspInit          0x800'08b1   0x76  Code  Gb  stm32f4xx_hal_msp.o [2]
HAL_CAN_RxFifo0MsgPendingCallback
                         0x800'0bbf   0x2a  Code  Gb  main.o [2]
HAL_CAN_Start            0x800'038f   0x4c  Code  Gb  stm32f4xx_hal_can.o [5]
HAL_GPIO_EXTI_Callback   0x800'0ca5   0x70  Code  Gb  main.o [2]
HAL_GPIO_EXTI_IRQHandler
                         0x800'112d   0x12  Code  Gb  stm32f4xx_hal_gpio.o [5]
HAL_GPIO_Init            0x800'0f61  0x1cc  Code  Gb  stm32f4xx_hal_gpio.o [5]
HAL_GetTick              0x800'099d    0xc  Code  Wk  stm32f4xx_hal.o [5]
HAL_IncTick              0x800'1f55   0x10  Code  Wk  stm32f4xx_hal.o [5]
HAL_Init                 0x800'178d   0x30  Code  Gb  stm32f4xx_hal.o [5]
HAL_InitTick             0x800'1dcd   0x40  Code  Wk  stm32f4xx_hal.o [5]
HAL_MspInit              0x800'087d   0x34  Code  Gb  stm32f4xx_hal_msp.o [2]
HAL_NVIC_EnableIRQ       0x800'11db   0x16  Code  Gb  stm32f4xx_hal_cortex.o [5]
HAL_NVIC_SetPriority     0x800'11a1   0x3a  Code  Gb  stm32f4xx_hal_cortex.o [5]
HAL_NVIC_SetPriorityGrouping
                         0x800'1187   0x1a  Code  Gb  stm32f4xx_hal_cortex.o [5]
HAL_RCC_ClockConfig      0x800'1c39  0x100  Code  Gb  stm32f4xx_hal_rcc.o [5]
HAL_RCC_GetSysClockFreq
                         0x800'1855   0x7a  Code  Gb  stm32f4xx_hal_rcc_ex.o [5]
HAL_RCC_OscConfig        0x800'18df  0x32c  Code  Gb  stm32f4xx_hal_rcc_ex.o [5]
HAL_SYSTICK_Config       0x800'11f1   0x28  Code  Gb  stm32f4xx_hal_cortex.o [5]
HAL_TIMEx_BreakCallback
                         0x800'1dc3    0x2  Code  Wk  stm32f4xx_hal_tim_ex.o [5]
HAL_TIMEx_CommutCallback
                         0x800'1dc7    0x2  Code  Wk  stm32f4xx_hal_tim_ex.o [5]
HAL_TIMEx_MasterConfigSynchronization
                         0x800'17c1   0x6e  Code  Gb  stm32f4xx_hal_tim_ex.o [5]
HAL_TIM_Base_Init        0x800'1339   0x1a  Code  Gb  stm32f4xx_hal_tim.o [5]
HAL_TIM_Base_MspInit     0x800'0927   0x62  Code  Gb  stm32f4xx_hal_msp.o [2]
HAL_TIM_Base_Start_IT    0x800'1353   0x76  Code  Gb  stm32f4xx_hal_tim.o [5]
HAL_TIM_Base_Stop_IT     0x800'13c9   0x1e  Code  Gb  stm32f4xx_hal_tim.o [5]
HAL_TIM_ConfigClockSource
                         0x800'1595   0xaa  Code  Gb  stm32f4xx_hal_tim.o [5]
HAL_TIM_IRQHandler       0x800'144d  0x142  Code  Gb  stm32f4xx_hal_tim.o [5]
HAL_TIM_PeriodElapsedCallback
                         0x800'0c73   0x32  Code  Gb  main.o [2]
HardFault_Handler        0x800'1f1b    0x2  Code  Gb  stm32f4xx_it.o [2]
MemManage_Handler        0x800'1f1d    0x2  Code  Gb  stm32f4xx_it.o [2]
NMI_Handler              0x800'1f19    0x2  Code  Gb  stm32f4xx_it.o [2]
PendSV_Handler           0x800'1f27    0x2  Code  Gb  stm32f4xx_it.o [2]
Region$$Table$$Base      0x800'2014          --   Gb  - Linker created -
Region$$Table$$Limit     0x800'2034          --   Gb  - Linker created -
Rx0Data                 0x2000'0340    0x8  Data  Gb  main.o [2]
Rx0Header               0x2000'0324   0x1c  Data  Gb  main.o [2]
SVC_Handler              0x800'1f23    0x2  Code  Gb  stm32f4xx_it.o [2]
SysTick_Handler          0x800'1f29    0x4  Code  Gb  stm32f4xx_it.o [2]
SystemClock_Config       0x800'0e7d   0x90  Code  Gb  main.o [2]
SystemCoreClock         0x2000'0080    0x4  Data  Gb  system_stm32f4xx.o [4]
SystemInit               0x800'1f9d   0x14  Code  Gb  system_stm32f4xx.o [4]
TIM1_UP_TIM10_IRQHandler
                         0x800'1f33    0x6  Code  Gb  stm32f4xx_it.o [2]
TIM2_IRQHandler          0x800'1f39    0x6  Code  Gb  stm32f4xx_it.o [2]
TIM_Base_SetConfig       0x800'1659   0x96  Code  Gb  stm32f4xx_hal_tim.o [5]
TIM_ETR_SetConfig        0x800'1773   0x14  Code  Gb  stm32f4xx_hal_tim.o [5]
TIM_ITRx_SetConfig       0x800'1763   0x10  Code  Lc  stm32f4xx_hal_tim.o [5]
TIM_TI1_ConfigInputStage
                         0x800'1721   0x1e  Code  Lc  stm32f4xx_hal_tim.o [5]
TIM_TI2_ConfigInputStage
                         0x800'173f   0x24  Code  Lc  stm32f4xx_hal_tim.o [5]
TxHeader                0x2000'0348   0x18  Data  Gb  CANOpen_hw_appl.o [3]
TxMailbox               0x2000'0360    0x4  Data  Gb  CANOpen_hw_appl.o [3]
UsageFault_Handler       0x800'1f21    0x2  Code  Gb  stm32f4xx_it.o [2]
__NVIC_SetPriority       0x800'116d   0x1a  Code  Lc  stm32f4xx_hal_cortex.o [5]
__aeabi_ldiv0            0x800'1f15         Code  Gb  I64DivZer.o [8]
__aeabi_memset           0x800'1d59         Code  Gb  ABImemset.o [8]
__cmain                  0x800'2035         Code  Gb  cmain.o [8]
__exit                   0x800'2069   0x14  Code  Gb  exit.o [9]
__iar_Memset             0x800'1d59         Code  Gb  ABImemset.o [8]
__iar_Memset_word        0x800'1d61         Code  Gb  ABImemset.o [8]
__iar_data_init3         0x800'1fc9   0x28  Code  Gb  data_init.o [8]
__iar_fmax32             0x800'1231         Code  Gb  fmaxf.o [7]
__iar_fmin32             0x800'125d         Code  Gb  fminf.o [7]
__iar_init_vfp           0x800'1ff1         Code  Gb  fpinit_M.o [7]
__iar_packbits_init_single3
                         0x800'0843   0x3a  Code  Gb  packbits_init_single.o [8]
__iar_program_start      0x800'207d         Code  Gb  cstartup_M.o [8]
__iar_small_uldivmod     0x800'1e0d         Code  Gb  I64DivMod_small.o [8]
__iar_zero_init3         0x800'1f65   0x38  Code  Gb  zero_init3.o [8]
__low_level_init         0x800'2053    0x4  Code  Gb  low_level_init.o [6]
__vector_table           0x800'0000         Data  Gb  startup_stm32f446xx.o [1]
_call_main               0x800'2041         Code  Gb  cmain.o [8]
_exit                    0x800'205d         Code  Gb  cexit.o [8]
buffer                  0x2000'0000    0x8  Data  Gb  main.o [2]
cobID                   0x2000'036c    0x2  Data  Lc  CANOpen.o [3]
enter_motor_mode         0x800'0c25   0x1a  Code  Gb  main.o [2]
exit                     0x800'2057    0x4  Code  Gb  exit.o [6]
exit_motor_mode          0x800'0c3f   0x1a  Code  Gb  main.o [2]
flag                    0x2000'0008    0x1  Data  Gb  main.o [2]
float_to_uint            0x800'09b9   0x2a  Code  Gb  main.o [2]
fmaxf                    0x800'1231         Code  Gb  fmaxf.o [7]
fminf                    0x800'125d         Code  Gb  fminf.o [7]
hcan1                   0x2000'02fc   0x28  Data  Gb  main.o [2]
htim1                   0x2000'000c   0x48  Data  Gb  main.o [2]
htim2                   0x2000'02b4   0x48  Data  Gb  main.o [2]
kd_in                   0x2000'006c    0x4  Data  Gb  main.o [2]
kp_in                   0x2000'0068    0x4  Data  Gb  main.o [2]
main                     0x800'0d25  0x144  Code  Gb  main.o [2]
memset                   0x800'0f4d   0x14  Code  Gb  memset.o [8]
p_in                    0x2000'0060    0x4  Data  Gb  main.o [2]
pack_cmd                 0x800'09e5  0x13e  Code  Gb  main.o [2]
position                0x2000'0058    0x4  Data  Gb  main.o [2]
pull_up                  0x800'0be9   0x28  Code  Gb  main.o [2]
rxBuffer                0x2000'0084  0x230  Data  Lc  CANOpen.o [3]
set_zero                 0x800'0c59   0x1a  Code  Gb  main.o [2]
t_in                    0x2000'0070    0x4  Data  Gb  main.o [2]
timeout_cnt             0x2000'0370    0x2  Data  Gb  CANOpen.o [3]
torque                  0x2000'0054    0x4  Data  Gb  main.o [2]
txData                  0x2000'0364    0x8  Data  Lc  CANOpen.o [3]
tx_timeout              0x2000'036e    0x2  Data  Lc  CANOpen.o [3]
uint_to_float            0x800'0b23   0x2a  Code  Gb  main.o [2]
unpack_reply             0x800'0b4d   0x72  Code  Gb  main.o [2]
uwTick                  0x2000'0078    0x4  Data  Gb  stm32f4xx_hal.o [5]
uwTickFreq              0x2000'0074    0x1  Data  Gb  stm32f4xx_hal.o [5]
uwTickPrio              0x2000'007c    0x4  Data  Gb  stm32f4xx_hal.o [5]
v_in                    0x2000'0064    0x4  Data  Gb  main.o [2]
velocity                0x2000'005c    0x4  Data  Gb  main.o [2]


[1] = C:\Users\KwakDongwook\Documents\canopen_example\EWARM\canopen_example\Obj\Application\EWARM
[2] = C:\Users\KwakDongwook\Documents\canopen_example\EWARM\canopen_example\Obj\Application\User
[3] = C:\Users\KwakDongwook\Documents\canopen_example\EWARM\canopen_example\Obj\Application\User\CANOpen
[4] = C:\Users\KwakDongwook\Documents\canopen_example\EWARM\canopen_example\Obj\Drivers\CMSIS
[5] = C:\Users\KwakDongwook\Documents\canopen_example\EWARM\canopen_example\Obj\Drivers\STM32F4xx_HAL_Driver
[6] = dl7M_tln.a
[7] = m7M_tls.a
[8] = rt7M_tl.a
[9] = shb_l.a

  8'654 bytes of readonly  code memory
     57 bytes of readonly  data memory
  1'906 bytes of readwrite data memory

Errors: none
Warnings: none
